// Jest Snapshot v1, https://goo.gl/fbAQLP

exports[`matches the snapshot 1`] = `
<DocumentFragment>
  <form>
    <h3 />
    <label
      for="todo"
    >
      Enter a reminder: 
    </label>
    <input
      id="todo"
      name="todo"
      role="input"
      type="text"
      value=""
    />
    <button>
      Submit
    </button>
  </form>
</DocumentFragment>
`;
